=== TABLES ===
accounts, attendance, audit_log, bookings, categories, coupon_usage, coupons, customers, employees, expenses, gift_cards, installment_payments, installments, journal_entries, journal_lines, loyalty_points, loyalty_transactions, maintenance, price_quote_details, price_quotes, products, promotions, purchase_invoice_details, purchase_invoices, purchase_order_items, purchase_orders, purchase_returns, quotation_items, quotations, salaries, sales_invoice_details, sales_invoices, sales_returns, settings, stock_movements, stock_transfer_details, stock_transfers, stocks, stocktake_items, stocktakes, treasury, units, user_permissions, users, vacations, zatca_settings

=== USERS ===
Count: 0
NO USERS - Creating admin...
Admin created: admin / admin

=== SETTINGS ===
Count: 0
NO SETTINGS - Creating defaults...
Default settings created

=== CATEGORIES ===
Count: 0
Categories error: 
Invalid `prisma.category.create()` invocation:

{
  data: {
    name: "╪╣╪د┘à",
    nameEn: "General",
    ~~~~~~
?   parentId?: Int,
?   description?: String | Null,
?   products?: ProductCreateNestedManyWithoutCategoryInput
  }
}

Unknown argument `nameEn`. Did you mean `name`? Available options are marked with ?.

=== ZATCA ===
zatca_settings rows: 0n

=== API HEALTH ===
  /api/settings ظْ 200 [{"id":1,"key":"company_name","value":"╪┤╪▒┘â╪ر ┘┘à╪د╪ة",
  /api/products ظْ 200 []
  /api/customers ظْ 200 []
  /api/users ظْ 403 {"error":"╪║┘è╪▒ ┘à╪╡╪▒╪ص"}
  /api/categories ظْ 200 []

=== CHECK COMPLETE ===
