
> namaweb@0.1.0 db:generate
> npx prisma generate

Environment variables loaded from .env
Prisma schema loaded from prisma/schema.prisma
Error: Prisma schema validation - (get-dmmf wasm)
Error code: P1012
[1;91merror[0m: [1mError validating: The argument fields must refer only to existing fields. The following fields do not exist in this model: branchId[0m
  [1;94m-->[0m  [4mprisma/schema.prisma:149[0m
[1;94m   | [0m
[1;94m148 | [0m  @@map("stocks")
[1;94m149 | [0m  branch   Branch? @relation(fields: [1;91m[branchId][0m, references: [id])
[1;94m   | [0m
[1;91merror[0m: [1mError validating: The argument fields must refer only to existing fields. The following fields do not exist in this model: shiftId[0m
  [1;94m-->[0m  [4mprisma/schema.prisma:179[0m
[1;94m   | [0m
[1;94m178 | [0m  branch   Branch?              @relation(fields: [branchId], references: [id])
[1;94m179 | [0m  shift    Shift?   @relation(fields: [1;91m[shiftId][0m, references: [id])
[1;94m   | [0m
[1;91merror[0m: [1mError validating: The argument fields must refer only to existing fields. The following fields do not exist in this model: batchId[0m
  [1;94m-->[0m  [4mprisma/schema.prisma:200[0m
[1;94m   | [0m
[1;94m199 | [0m  @@map("sales_invoice_details")
[1;94m200 | [0m  batch   ProductBatch? @relation(fields: [1;91m[batchId][0m, references: [id])
[1;94m   | [0m
[1;91merror[0m: [1mError validating: The argument fields must refer only to existing fields. The following fields do not exist in this model: branchId[0m
  [1;94m-->[0m  [4mprisma/schema.prisma:217[0m
[1;94m   | [0m
[1;94m216 | [0m  @@map("sales_returns")
[1;94m217 | [0m  branch   Branch? @relation(fields: [1;91m[branchId][0m, references: [id])
[1;94m   | [0m
[1;91merror[0m: [1mError validating: The argument fields must refer only to existing fields. The following fields do not exist in this model: shiftId[0m
  [1;94m-->[0m  [4mprisma/schema.prisma:218[0m
[1;94m   | [0m
[1;94m217 | [0m  branch   Branch? @relation(fields: [branchId], references: [id])
[1;94m218 | [0m  shift    Shift?  @relation(fields: [1;91m[shiftId][0m, references: [id])
[1;94m   | [0m
[1;91merror[0m: [1mError validating: The argument fields must refer only to existing fields. The following fields do not exist in this model: batchId[0m
  [1;94m-->[0m  [4mprisma/schema.prisma:305[0m
[1;94m   | [0m
[1;94m304 | [0m  @@map("stock_movements")
[1;94m305 | [0m  batch   ProductBatch? @relation(fields: [1;91m[batchId][0m, references: [id])
[1;94m   | [0m
[1;91merror[0m: [1mError validating: The argument fields must refer only to existing fields. The following fields do not exist in this model: branchId[0m
  [1;94m-->[0m  [4mprisma/schema.prisma:339[0m
[1;94m   | [0m
[1;94m338 | [0m  @@map("treasury")
[1;94m339 | [0m  branch   Branch?  @relation(fields: [1;91m[branchId][0m, references: [id])
[1;94m   | [0m
[1;91merror[0m: [1mError validating: The argument fields must refer only to existing fields. The following fields do not exist in this model: branchId[0m
  [1;94m-->[0m  [4mprisma/schema.prisma:557[0m
[1;94m   | [0m
[1;94m556 | [0m  @@map("journal_entries")
[1;94m557 | [0m  branch   Branch?  @relation(fields: [1;91m[branchId][0m, references: [id])
[1;94m   | [0m

Validation Error Count: 8
[Context: getDmmf]

Prisma CLI Version : 5.22.0
