ظ¤îظ¤ظ¤ظ¤ظ¤ظ¤شظ¤ظ¤ظ¤ظ¤ظ¤ظ¤ظ¤ظ¤ظ¤ظ¤ظ¤ظ¤ظ¤ظ¤ظ¤شظ¤ظ¤ظ¤ظ¤ظ¤ظ¤ظ¤ظ¤ظ¤ظ¤ظ¤ظ¤ظ¤ظ¤شظ¤ظ¤ظ¤ظ¤ظ¤ظ¤ظ¤ظ¤ظ¤ظ¤شظ¤ظ¤ظ¤ظ¤ظ¤ظ¤ظ¤ظ¤ظ¤ظ¤شظ¤ظ¤ظ¤ظ¤ظ¤ظ¤ظ¤ظ¤ظ¤ظ¤ظ¤شظ¤ظ¤ظ¤ظ¤ظ¤ظ¤ظ¤ظ¤ظ¤شظ¤ظ¤ظ¤ظ¤ظ¤ظ¤ظ¤شظ¤ظ¤ظ¤ظ¤ظ¤ظ¤ظ¤ظ¤ظ¤ظ¤ظ¤ظ¤شظ¤ظ¤ظ¤ظ¤ظ¤ظ¤ظ¤ظ¤ظ¤ظ¤ظ¤شظ¤ظ¤ظ¤ظ¤ظ¤ظ¤ظ¤ظ¤ظ¤ظ¤ظ¤شظ¤ظ¤ظ¤ظ¤ظ¤ظ¤ظ¤ظ¤ظ¤ظ¤ظ¤شظ¤ظ¤ظ¤ظ¤ظ¤ظ¤ظ¤ظ¤ظ¤ظ¤ظ¤
ظ¤é id ظ¤é name         ظ¤é namespace   ظ¤é version ظ¤é mode    ظ¤é pid      ظ¤é uptime ظ¤é ظ║    ظ¤é status    ظ¤é cpu      ظ¤é mem      ظ¤é user     ظ¤é watching ظ¤é
ظ¤£ظ¤ظ¤ظ¤ظ¤ظ¤╝ظ¤ظ¤ظ¤ظ¤ظ¤ظ¤ظ¤ظ¤ظ¤ظ¤ظ¤ظ¤ظ¤ظ¤ظ¤╝ظ¤ظ¤ظ¤ظ¤ظ¤ظ¤ظ¤ظ¤ظ¤ظ¤ظ¤ظ¤ظ¤ظ¤╝ظ¤ظ¤ظ¤ظ¤ظ¤ظ¤ظ¤ظ¤ظ¤ظ¤╝ظ¤ظ¤ظ¤ظ¤ظ¤ظ¤ظ¤ظ¤ظ¤ظ¤╝ظ¤ظ¤ظ¤ظ¤ظ¤ظ¤ظ¤ظ¤ظ¤ظ¤ظ¤╝ظ¤ظ¤ظ¤ظ¤ظ¤ظ¤ظ¤ظ¤ظ¤╝ظ¤ظ¤ظ¤ظ¤ظ¤ظ¤ظ¤╝ظ¤ظ¤ظ¤ظ¤ظ¤ظ¤ظ¤ظ¤ظ¤ظ¤ظ¤ظ¤╝ظ¤ظ¤ظ¤ظ¤ظ¤ظ¤ظ¤ظ¤ظ¤ظ¤ظ¤╝ظ¤ظ¤ظ¤ظ¤ظ¤ظ¤ظ¤ظ¤ظ¤ظ¤ظ¤╝ظ¤ظ¤ظ¤ظ¤ظ¤ظ¤ظ¤ظ¤ظ¤ظ¤ظ¤╝ظ¤ظ¤ظ¤ظ¤ظ¤ظ¤ظ¤ظ¤ظ¤ظ¤ظ¤ج
ظ¤é 0  ظ¤é namasoft     ظ¤é default     ظ¤é N/A     ظ¤é fork    ظ¤é 145724   ظ¤é 14h    ظ¤é 80   ظ¤é online    ظ¤é 0%       ظ¤é 63.2mb   ظ¤é root     ظ¤é disabled ظ¤é
ظ¤é 1  ظ¤é namasoft2    ظ¤é default     ظ¤é N/A     ظ¤é fork    ظ¤é 146021   ظ¤é 14h    ظ¤é 9    ظ¤é online    ظ¤é 0%       ظ¤é 63.9mb   ظ¤é root     ظ¤é disabled ظ¤é
ظ¤¤ظ¤ظ¤ظ¤ظ¤ظ¤┤ظ¤ظ¤ظ¤ظ¤ظ¤ظ¤ظ¤ظ¤ظ¤ظ¤ظ¤ظ¤ظ¤ظ¤ظ¤┤ظ¤ظ¤ظ¤ظ¤ظ¤ظ¤ظ¤ظ¤ظ¤ظ¤ظ¤ظ¤ظ¤ظ¤┤ظ¤ظ¤ظ¤ظ¤ظ¤ظ¤ظ¤ظ¤ظ¤ظ¤┤ظ¤ظ¤ظ¤ظ¤ظ¤ظ¤ظ¤ظ¤ظ¤ظ¤┤ظ¤ظ¤ظ¤ظ¤ظ¤ظ¤ظ¤ظ¤ظ¤ظ¤ظ¤┤ظ¤ظ¤ظ¤ظ¤ظ¤ظ¤ظ¤ظ¤ظ¤┤ظ¤ظ¤ظ¤ظ¤ظ¤ظ¤ظ¤┤ظ¤ظ¤ظ¤ظ¤ظ¤ظ¤ظ¤ظ¤ظ¤ظ¤ظ¤ظ¤┤ظ¤ظ¤ظ¤ظ¤ظ¤ظ¤ظ¤ظ¤ظ¤ظ¤ظ¤┤ظ¤ظ¤ظ¤ظ¤ظ¤ظ¤ظ¤ظ¤ظ¤ظ¤ظ¤┤ظ¤ظ¤ظ¤ظ¤ظ¤ظ¤ظ¤ظ¤ظ¤ظ¤ظ¤┤ظ¤ظ¤ظ¤ظ¤ظ¤ظ¤ظ¤ظ¤ظ¤ظ¤ظ¤ء
===
[TAILING] Tailing last 10 lines for [namasoft] process (change the value with --lines option)
/root/.pm2/logs/namasoft-error.log last 10 lines:
0|namasoft |     at ignore-listed frames
0|namasoft | Error: Failed to find Server Action "x". This request might be from an older or newer deployment.
0|namasoft | Read more: https://nextjs.org/docs/messages/failed-to-find-server-action
0|namasoft |     at ignore-listed frames
0|namasoft | Error: Failed to find Server Action "x". This request might be from an older or newer deployment.
0|namasoft | Read more: https://nextjs.org/docs/messages/failed-to-find-server-action
0|namasoft |     at ignore-listed frames
0|namasoft | Error: Failed to find Server Action "x". This request might be from an older or newer deployment.
0|namasoft | Read more: https://nextjs.org/docs/messages/failed-to-find-server-action
0|namasoft |     at ignore-listed frames

===
500
===
C:\Windows\System32\OpenSSH\ssh.exe : [eval]:1
At line:1 char:1
+ C:\Windows\System32\OpenSSH\ssh.exe -i 
"C:\Users\1\Desktop\namasoftke ...
+ ~~~~~~~~~~~~~~~~~~~~~~~~~~~~~~~~~~~~~~~~~~~~~~~~
~~~~~~~~~~~~~~~~~~~~~
    + CategoryInfo          : NotSpecified: ([eva 
   l]:1:String) [], RemoteException
    + FullyQualifiedErrorId : NativeCommandError
 
const{PrismaClient}=require(\/var/www/namasoft/nod
e_modules/@prisma/client\);const p=new PrismaClien
t();p.user.count().then(c=>console.log(\users:\+c)
).catch(e=>console.log(\DB_ERR:\+e.message)).final
ly(()=>p.\())
                            ^

SyntaxError: Invalid or unexpected token
    at makeContextifyScript 
(node:internal/vm:185:14)
    at node:internal/process/execution:107:22
    at [eval]-wrapper:6:24
    at runScript 
(node:internal/process/execution:101:62)
    at evalScript 
(node:internal/process/execution:133:3)
    at node:internal/main/eval_string:51:3

Node.js v20.20.1
