src/app/api/expenses/route.ts(52,17): error TS2322: Type 'string | null' is not assignable to type 'string'.
  Type 'null' is not assignable to type 'string'.
src/app/api/shifts/route.ts(80,17): error TS2353: Object literal may only specify known properties, and 'endingCash' does not exist in type '(Without<ShiftUpdateInput, ShiftUncheckedUpdateInput> & ShiftUncheckedUpdateInput) | (Without<...> & ShiftUpdateInput)'.
